[bruselas.ceisufro.cl/sitios/jsilva23/proyecto1/index.html]
[bruselas.ceisufro.cl/sitios/jsilva23/proyecto1/typo3conf/ext/bootstrap_package/Resources/Public/Icons/favicon.ico]
[backblue.gif]
[fade.gif]
[index.html]
[bruselas.ceisufro.cl/sitios/jsilva23/proyecto1/typo3conf/ext/bootstrap_package/Resources/Public/Css/ionicons.mind9dc.css]
[bruselas.ceisufro.cl/sitios/jsilva23/proyecto1/typo3temp/assets/bootstrappackage/lessphp_594286df7ff4fe903f450f748726cc0ea3fb2cd51e74.css]
[bruselas.ceisufro.cl/sitios/jsilva23/proyecto1/typo3conf/ext/bootstrap_package/Resources/Public/JavaScript/Dist/windowsphone-viewportfix.mind9dc.js]
[bruselas.ceisufro.cl/sitios/jsilva23/proyecto1/typo3conf/ext/bootstrap_package/Resources/Public/JavaScript/Dist/modernizr.mind9dc.js]
[bruselas.ceisufro.cl/sitios/jsilva23/proyecto1/typo3/sysext/rsaauth/Resources/Public/JavaScript/RsaEncryptionWithLib.mina483.js]
[bruselas.ceisufro.cl/sitios/jsilva23/proyecto1/index681a.html]
[bruselas.ceisufro.cl/sitios/jsilva23/proyecto1/indexf8d4.html]
[bruselas.ceisufro.cl/sitios/jsilva23/proyecto1/indexc5b2.html]
[bruselas.ceisufro.cl/sitios/jsilva23/proyecto1/index2770.html]
[bruselas.ceisufro.cl/sitios/jsilva23/proyecto1/typo3conf/ext/bootstrap_package/Resources/Public/Images/blank.gif]
[bruselas.ceisufro.cl/sitios/jsilva23/proyecto1/fileadmin/user_upload/asd2.png]
[bruselas.ceisufro.cl/sitios/jsilva23/proyecto1/fileadmin/user_upload/val1.jpg]
[bruselas.ceisufro.cl/sitios/jsilva23/proyecto1/indexc01f.html]
[bruselas.ceisufro.cl/sitios/jsilva23/proyecto1/typo3conf/ext/bootstrap_package/Resources/Public/JavaScript/Dist/jquery.responsiveimages.mind9dc.js]
[bruselas.ceisufro.cl/sitios/jsilva23/proyecto1/typo3conf/ext/bootstrap_package/Resources/Public/JavaScript/Dist/jquery.equalheight.mind9dc.js]
[bruselas.ceisufro.cl/sitios/jsilva23/proyecto1/typo3conf/ext/bootstrap_package/Resources/Public/JavaScript/Libs/bootstrap.mind9dc.js]
[bruselas.ceisufro.cl/sitios/jsilva23/proyecto1/typo3conf/ext/bootstrap_package/Resources/Public/JavaScript/Libs/photoswipe.mind9dc.js]
[bruselas.ceisufro.cl/sitios/jsilva23/proyecto1/typo3conf/ext/bootstrap_package/Resources/Public/JavaScript/Libs/jquery.mind9dc.js]
[bruselas.ceisufro.cl/sitios/jsilva23/proyecto1/typo3conf/ext/bootstrap_package/Resources/Public/JavaScript/Libs/photoswipe-ui-default.mind9dc.js]
[bruselas.ceisufro.cl/sitios/jsilva23/proyecto1/typo3conf/ext/bootstrap_package/Resources/Public/JavaScript/Dist/bootstrap.swipe.mind9dc.js]
[bruselas.ceisufro.cl/sitios/jsilva23/proyecto1/typo3conf/ext/bootstrap_package/Resources/Public/JavaScript/Dist/bootstrap.popover.mind9dc.js]
[bruselas.ceisufro.cl/sitios/jsilva23/proyecto1/typo3conf/ext/bootstrap_package/Resources/Public/JavaScript/Dist/bootstrap.stickyheader.mind9dc.js]
[bruselas.ceisufro.cl/sitios/jsilva23/proyecto1/typo3conf/ext/bootstrap_package/Resources/Public/JavaScript/Libs/hammer.mind9dc.js]
[bruselas.ceisufro.cl/sitios/jsilva23/proyecto1/typo3conf/ext/bootstrap_package/Resources/Public/JavaScript/Dist/bootstrap.smoothscroll.mind9dc.js]
[bruselas.ceisufro.cl/sitios/jsilva23/proyecto1/typo3conf/ext/bootstrap_package/Resources/Public/JavaScript/Dist/bootstrap.lightbox.mind9dc.js]
[bruselas.ceisufro.cl/sitios/jsilva23/proyecto1/index.html]
[bruselas.ceisufro.cl/sitios/jsilva23/proyecto1/typo3conf/ext/bootstrap_package/Resources/Public/JavaScript/Dist/bootstrap.navbartoggle.mind9dc.js]
[bruselas.ceisufro.cl/sitios/jsilva23/proyecto1/typo3conf/ext/bootstrap_package/Resources/Public/Fonts/ionicons28b5.eot]
[bruselas.ceisufro.cl/sitios/jsilva23/proyecto1/typo3conf/ext/bootstrap_package/Resources/Public/Fonts/ionicons28b5.ttf]
[bruselas.ceisufro.cl/sitios/jsilva23/proyecto1/typo3conf/ext/bootstrap_package/Resources/Public/Fonts/ionicons28b5.woff]
[bruselas.ceisufro.cl/sitios/jsilva23/proyecto1/typo3conf/ext/bootstrap_package/Resources/Public/Css/ionicons.mind9dc.css]
[bruselas.ceisufro.cl/sitios/jsilva23/proyecto1/typo3conf/ext/bootstrap_package/Resources/Public/Fonts/glyphicons-halflings-regular.eot]
[bruselas.ceisufro.cl/sitios/jsilva23/proyecto1/typo3conf/ext/bootstrap_package/Resources/Public/Fonts/glyphicons-halflings-regulard41d.eot]
[bruselas.ceisufro.cl/sitios/jsilva23/proyecto1/typo3conf/ext/bootstrap_package/Resources/Public/Fonts/glyphicons-halflings-regular.woff]
[bruselas.ceisufro.cl/sitios/jsilva23/proyecto1/typo3conf/ext/bootstrap_package/Resources/Public/Fonts/glyphicons-halflings-regular.ttf]
[bruselas.ceisufro.cl/sitios/jsilva23/proyecto1/typo3conf/ext/bootstrap_package/Resources/Public/Images/PhotoSwipe/default-skin.png]
[bruselas.ceisufro.cl/sitios/jsilva23/proyecto1/typo3conf/ext/bootstrap_package/Resources/Public/Images/PhotoSwipe/preloader.gif]
[bruselas.ceisufro.cl/sitios/jsilva23/proyecto1/typo3temp/assets/bootstrappackage/lessphp_594286df7ff4fe903f450f748726cc0ea3fb2cd51e74.css]
[bruselas.ceisufro.cl/sitios/jsilva23/proyecto1/index681a.html]
[bruselas.ceisufro.cl/sitios/jsilva23/proyecto1/fileadmin/introduction/images/introduction-package.svg]
[bruselas.ceisufro.cl/sitios/jsilva23/proyecto1/fileadmin/introduction/images/introduction-package-inverted.svg]
[bruselas.ceisufro.cl/sitios/jsilva23/proyecto1/index3ebc.html]
[bruselas.ceisufro.cl/sitios/jsilva23/proyecto1/index1946.html]
[bruselas.ceisufro.cl/sitios/jsilva23/proyecto1/Reporte_Regions_16-09-2020_20_20_061409.xlsx]
[bruselas.ceisufro.cl/sitios/jsilva23/proyecto1/Reporte_Regions_16-09-2020_20_20_08a65d.csv]
[bruselas.ceisufro.cl/sitios/jsilva23/proyecto1/index1de8.html]
[bruselas.ceisufro.cl/sitios/jsilva23/proyecto1/indexb6cc.html]
[bruselas.ceisufro.cl/sitios/jsilva23/proyecto1/index522f.html]
[bruselas.ceisufro.cl/sitios/jsilva23/proyecto1/index93ef.html]
[bruselas.ceisufro.cl/sitios/jsilva23/proyecto1/index83e6.html]
[bruselas.ceisufro.cl/sitios/jsilva23/proyecto1/index938b.html]
[bruselas.ceisufro.cl/sitios/jsilva23/proyecto1/index3bba.html]
[bruselas.ceisufro.cl/sitios/jsilva23/proyecto1/index3f7c.html]
[bruselas.ceisufro.cl/sitios/jsilva23/proyecto1/index8397.html]
[bruselas.ceisufro.cl/sitios/jsilva23/proyecto1/index6127.html]
[bruselas.ceisufro.cl/sitios/jsilva23/proyecto1/indexa3b9.html]
[bruselas.ceisufro.cl/sitios/jsilva23/proyecto1/indexd6e3.html]
[bruselas.ceisufro.cl/sitios/jsilva23/proyecto1/indexf8d4.html]
[bruselas.ceisufro.cl/sitios/jsilva23/proyecto1/indexb56f.html]
[bruselas.ceisufro.cl/sitios/jsilva23/proyecto1/Reporte_Comunas_16-09-2020_20_20_1686ac.xlsx]
[bruselas.ceisufro.cl/sitios/jsilva23/proyecto1/Reporte_Comunas_16-09-2020_20_20_162adb.csv]
[bruselas.ceisufro.cl/sitios/jsilva23/proyecto1/index6a07.html]
[bruselas.ceisufro.cl/sitios/jsilva23/proyecto1/index8198.html]
[bruselas.ceisufro.cl/sitios/jsilva23/proyecto1/index2009.html]
[bruselas.ceisufro.cl/sitios/jsilva23/proyecto1/index61a9.html]
[bruselas.ceisufro.cl/sitios/jsilva23/proyecto1/index16b7.html]
[bruselas.ceisufro.cl/sitios/jsilva23/proyecto1/index464a.html]
[bruselas.ceisufro.cl/sitios/jsilva23/proyecto1/indexd024.html]
[bruselas.ceisufro.cl/sitios/jsilva23/proyecto1/index8e33.html]
[bruselas.ceisufro.cl/sitios/jsilva23/proyecto1/indexc5b2.html]
[bruselas.ceisufro.cl/sitios/jsilva23/proyecto1/index40d0.html]
[bruselas.ceisufro.cl/sitios/jsilva23/proyecto1/Reporte_Ciudads_16-09-2020_20_20_220976.xlsx]
[bruselas.ceisufro.cl/sitios/jsilva23/proyecto1/Reporte_Ciudads_16-09-2020_20_20_230364.csv]
[bruselas.ceisufro.cl/sitios/jsilva23/proyecto1/index09e8.html]
[bruselas.ceisufro.cl/sitios/jsilva23/proyecto1/index2770.html]
[bruselas.ceisufro.cl/sitios/jsilva23/proyecto1/indexc01f.html]
[bruselas.ceisufro.cl/sitios/jsilva23/proyecto1/typo3conf/ext/bootstrap_package/Resources/Public/Fonts/ionicons28b5.svg]
[bruselas.ceisufro.cl/sitios/jsilva23/proyecto1/typo3conf/ext/bootstrap_package/Resources/Public/Fonts/glyphicons-halflings-regular.html]
[bruselas.ceisufro.cl/sitios/jsilva23/proyecto1/typo3conf/ext/bootstrap_package/Resources/Public/Fonts/glyphicons-halflings-regular.svg]
[bruselas.ceisufro.cl/sitios/jsilva23/proyecto1/typo3conf/ext/bootstrap_package/Resources/Public/Images/PhotoSwipe/default-skin.svg]
[bruselas.ceisufro.cl/sitios/jsilva23/proyecto1/index21f5.html]
[bruselas.ceisufro.cl/sitios/jsilva23/proyecto1/index3ebc.html]
[bruselas.ceisufro.cl/sitios/jsilva23/proyecto1/index1946.html]
[bruselas.ceisufro.cl/sitios/jsilva23/proyecto1/index1de8.html]
[bruselas.ceisufro.cl/sitios/jsilva23/proyecto1/indexb6cc.html]
[bruselas.ceisufro.cl/sitios/jsilva23/proyecto1/index3293.html]
[bruselas.ceisufro.cl/sitios/jsilva23/proyecto1/index5aa9.html]
[bruselas.ceisufro.cl/sitios/jsilva23/proyecto1/index3109.html]
[bruselas.ceisufro.cl/sitios/jsilva23/proyecto1/indexf0d1.html]
[bruselas.ceisufro.cl/sitios/jsilva23/proyecto1/index522f.html]
[bruselas.ceisufro.cl/sitios/jsilva23/proyecto1/index93ef.html]
[bruselas.ceisufro.cl/sitios/jsilva23/proyecto1/index83e6.html]
[bruselas.ceisufro.cl/sitios/jsilva23/proyecto1/index938b.html]
[bruselas.ceisufro.cl/sitios/jsilva23/proyecto1/index3bba.html]
[bruselas.ceisufro.cl/sitios/jsilva23/proyecto1/index3f7c.html]
[bruselas.ceisufro.cl/sitios/jsilva23/proyecto1/index8397.html]
[bruselas.ceisufro.cl/sitios/jsilva23/proyecto1/index6127.html]
[bruselas.ceisufro.cl/sitios/jsilva23/proyecto1/indexa3b9.html]
[bruselas.ceisufro.cl/sitios/jsilva23/proyecto1/indexa1d7.html]
[bruselas.ceisufro.cl/sitios/jsilva23/proyecto1/Reporte_Regions_16-09-2020_20_21_22d695.xlsx]
[bruselas.ceisufro.cl/sitios/jsilva23/proyecto1/Reporte_Regions_16-09-2020_20_21_22074f.csv]
[bruselas.ceisufro.cl/sitios/jsilva23/proyecto1/indexd6e3.html]
[bruselas.ceisufro.cl/sitios/jsilva23/proyecto1/indexb56f.html]
[bruselas.ceisufro.cl/sitios/jsilva23/proyecto1/index6a07.html]
[bruselas.ceisufro.cl/sitios/jsilva23/proyecto1/index8198.html]
[bruselas.ceisufro.cl/sitios/jsilva23/proyecto1/index16fa.html]
[bruselas.ceisufro.cl/sitios/jsilva23/proyecto1/indexf580.html]
[bruselas.ceisufro.cl/sitios/jsilva23/proyecto1/index2009.html]
[bruselas.ceisufro.cl/sitios/jsilva23/proyecto1/index61a9.html]
[bruselas.ceisufro.cl/sitios/jsilva23/proyecto1/index16b7.html]
[bruselas.ceisufro.cl/sitios/jsilva23/proyecto1/index464a.html]
[bruselas.ceisufro.cl/sitios/jsilva23/proyecto1/indexd024.html]
[bruselas.ceisufro.cl/sitios/jsilva23/proyecto1/indexf080.html]
[bruselas.ceisufro.cl/sitios/jsilva23/proyecto1/Reporte_Comunas_16-09-2020_20_21_23f369.xlsx]
[bruselas.ceisufro.cl/sitios/jsilva23/proyecto1/Reporte_Comunas_16-09-2020_20_21_231743.csv]
[bruselas.ceisufro.cl/sitios/jsilva23/proyecto1/index8e33.html]
[bruselas.ceisufro.cl/sitios/jsilva23/proyecto1/index40d0.html]
[bruselas.ceisufro.cl/sitios/jsilva23/proyecto1/index1913.html]
[bruselas.ceisufro.cl/sitios/jsilva23/proyecto1/Reporte_Ciudads_16-09-2020_20_21_245f29.xlsx]
[bruselas.ceisufro.cl/sitios/jsilva23/proyecto1/Reporte_Ciudads_16-09-2020_20_21_240070.csv]
[bruselas.ceisufro.cl/sitios/jsilva23/proyecto1/index09e8.html]
[bruselas.ceisufro.cl/sitios/jsilva23/proyecto1/index21f5.html]
[bruselas.ceisufro.cl/sitios/jsilva23/proyecto1/index3293.html]
[bruselas.ceisufro.cl/sitios/jsilva23/proyecto1/index5aa9.html]
[bruselas.ceisufro.cl/sitios/jsilva23/proyecto1/index3109.html]
[bruselas.ceisufro.cl/sitios/jsilva23/proyecto1/indexf0d1.html]
[bruselas.ceisufro.cl/sitios/jsilva23/proyecto1/indexa1d7.html]
[bruselas.ceisufro.cl/sitios/jsilva23/proyecto1/index16fa.html]
[bruselas.ceisufro.cl/sitios/jsilva23/proyecto1/indexf580.html]
[bruselas.ceisufro.cl/sitios/jsilva23/proyecto1/indexf080.html]
[bruselas.ceisufro.cl/sitios/jsilva23/proyecto1/index1913.html]
